// Jest Snapshot v1, https://goo.gl/fbAQLP

exports[`Logo renders Logo snapshot 1`] = `
<DocumentFragment>
  <span
    class="Logo-sc-95wlsg-0 jJNJyJ"
  >
    <b>
      netflix
    </b>
    roulette
  </span>
</DocumentFragment>
`;
